V3 6
FL /home/roby-jacob/hardware-projects/flashylights/FlashyLights.vhd 2018/10/26.17:15:50 P.20131013
EN work/FlashyLights 1540554488 \
      FL /home/roby-jacob/hardware-projects/flashylights/FlashyLights.vhd \
      PB ieee/std_logic_1164 1381692176
AR work/FlashyLights/Behavioral 1540554489 \
      FL /home/roby-jacob/hardware-projects/flashylights/FlashyLights.vhd \
      EN work/FlashyLights 1540554488 CP counter30 CP memory
FL /home/roby/hardware-projects/flashylights/FlashyLights.vhd 2018/10/24.18:00:54 P.20131013
