Release 14.7 - xst P.20131013 (lin64)
Copyright (c) 1995-2013 Xilinx, Inc.  All rights reserved.
--> 
Parameter TMPDIR set to xst/projnav.tmp


Total REAL time to Xst completion: 0.00 secs
Total CPU time to Xst completion: 0.05 secs
 
--> 
Parameter xsthdpdir set to xst


Total REAL time to Xst completion: 0.00 secs
Total CPU time to Xst completion: 0.05 secs
 
--> 
Reading design: test_receiver.prj

TABLE OF CONTENTS
  1) Synthesis Options Summary
  2) HDL Compilation
  3) Design Hierarchy Analysis
  4) HDL Analysis
  5) HDL Synthesis
     5.1) HDL Synthesis Report
  6) Advanced HDL Synthesis
     6.1) Advanced HDL Synthesis Report
  7) Low Level Synthesis
  8) Partition Report
  9) Final Report
	9.1) Device utilization summary
	9.2) Partition Resource Summary
	9.3) TIMING REPORT


=========================================================================
*                      Synthesis Options Summary                        *
=========================================================================
---- Source Parameters
Input File Name                    : "test_receiver.prj"
Input Format                       : mixed
Ignore Synthesis Constraint File   : NO

---- Target Parameters
Output File Name                   : "test_receiver"
Output Format                      : NGC
Target Device                      : xc3s500e-4-vq100

---- Source Options
Top Module Name                    : test_receiver
Automatic FSM Extraction           : YES
FSM Encoding Algorithm             : Auto
Safe Implementation                : No
FSM Style                          : LUT
RAM Extraction                     : Yes
RAM Style                          : Auto
ROM Extraction                     : Yes
Mux Style                          : Auto
Decoder Extraction                 : YES
Priority Encoder Extraction        : Yes
Shift Register Extraction          : YES
Logical Shifter Extraction         : YES
XOR Collapsing                     : YES
ROM Style                          : Auto
Mux Extraction                     : Yes
Resource Sharing                   : YES
Asynchronous To Synchronous        : NO
Multiplier Style                   : Auto
Automatic Register Balancing       : No

---- Target Options
Add IO Buffers                     : YES
Global Maximum Fanout              : 100000
Add Generic Clock Buffer(BUFG)     : 24
Register Duplication               : YES
Slice Packing                      : YES
Optimize Instantiated Primitives   : NO
Use Clock Enable                   : Yes
Use Synchronous Set                : Yes
Use Synchronous Reset              : Yes
Pack IO Registers into IOBs        : Auto
Equivalent register Removal        : YES

---- General Options
Optimization Goal                  : Speed
Optimization Effort                : 1
Keep Hierarchy                     : No
Netlist Hierarchy                  : As_Optimized
RTL Output                         : Yes
Global Optimization                : AllClockNets
Read Cores                         : YES
Write Timing Constraints           : NO
Cross Clock Analysis               : NO
Hierarchy Separator                : /
Bus Delimiter                      : <>
Case Specifier                     : Maintain
Slice Utilization Ratio            : 100
BRAM Utilization Ratio             : 100
Verilog 2001                       : YES
Auto BRAM Packing                  : NO
Slice Utilization Ratio Delta      : 5

---- Other Options
Cores Search Directories           : {"../serial-communication"  }

=========================================================================


=========================================================================
*                          HDL Compilation                              *
=========================================================================
Compiling vhdl file "/home/roby-jacob/hardware-projects/serial-communication/UART_RX.vhd" in Library work.
Architecture behavioral of Entity uart_rx is up to date.
Compiling vhdl file "/home/roby-jacob/hardware-projects/data_communication/test_receiver.vhd" in Library work.
Entity <test_receiver> compiled.
Entity <test_receiver> (Architecture <behavioral>) compiled.

=========================================================================
*                     Design Hierarchy Analysis                         *
=========================================================================
Analyzing hierarchy for entity <test_receiver> in library <work> (architecture <behavioral>).

Analyzing hierarchy for entity <UART_RX> in library <work> (architecture <behavioral>) with generics.
	g_CLKS_PER_BIT = 3333


=========================================================================
*                            HDL Analysis                               *
=========================================================================
Analyzing Entity <test_receiver> in library <work> (Architecture <behavioral>).
WARNING:Xst:819 - "/home/roby-jacob/hardware-projects/data_communication/test_receiver.vhd" line 119: One or more signals are missing in the process sensitivity list. To enable synthesis of FPGA/CPLD hardware, XST will assume that all necessary signals are present in the sensitivity list. Please note that the result of the synthesis may differ from the initial design specification. The missing signals are:
   <o_rx_dv>
Entity <test_receiver> analyzed. Unit <test_receiver> generated.

Analyzing generic Entity <UART_RX> in library <work> (Architecture <behavioral>).
	g_CLKS_PER_BIT = 3333
Entity <UART_RX> analyzed. Unit <UART_RX> generated.


=========================================================================
*                           HDL Synthesis                               *
=========================================================================

Performing bidirectional port resolution...

Synthesizing Unit <UART_RX>.
    Related source file is "/home/roby-jacob/hardware-projects/serial-communication/UART_RX.vhd".
    Found finite state machine <FSM_0> for signal <r_SM_Main>.
    -----------------------------------------------------------------------
    | States             | 5                                              |
    | Transitions        | 11                                             |
    | Inputs             | 4                                              |
    | Outputs            | 6                                              |
    | Clock              | i_Clk                     (rising_edge)        |
    | Power Up State     | s_idle                                         |
    | Encoding           | automatic                                      |
    | Implementation     | LUT                                            |
    -----------------------------------------------------------------------
    Found 3-bit register for signal <r_Bit_Index>.
    Found 3-bit adder for signal <r_Bit_Index$addsub0000> created at line 116.
    Found 12-bit register for signal <r_Clk_Count>.
    Found 12-bit adder for signal <r_Clk_Count$share0000> created at line 76.
    Found 8-bit register for signal <r_RX_Byte>.
    Found 1-bit register for signal <r_RX_Data>.
    Found 1-bit register for signal <r_RX_Data_R>.
    Found 1-bit register for signal <r_RX_DV>.
    Found 12-bit comparator less for signal <r_SM_Main$cmp_lt0000> created at line 107.
    Found 3-bit comparator less for signal <r_SM_Main$cmp_lt0001> created at line 115.
    Summary:
	inferred   1 Finite State Machine(s).
	inferred  26 D-type flip-flop(s).
	inferred   2 Adder/Subtractor(s).
	inferred   2 Comparator(s).
Unit <UART_RX> synthesized.


Synthesizing Unit <test_receiver>.
    Related source file is "/home/roby-jacob/hardware-projects/data_communication/test_receiver.vhd".
WARNING:Xst:646 - Signal <data_out<7:4>> is assigned but never used. This unconnected signal will be trimmed during the optimization process.
WARNING:Xst:737 - Found 31-bit latch for signal <count_byte>. Latches may be generated from incomplete case or if statements. We do not recommend the use of latches in FPGA/CPLD designs, as they may lead to timing problems.
WARNING:Xst:737 - Found 7-bit latch for signal <Seg7>. Latches may be generated from incomplete case or if statements. We do not recommend the use of latches in FPGA/CPLD designs, as they may lead to timing problems.
    Using one-hot encoding for signal <decode>.
    Found 16x10-bit ROM for signal <decode>.
    Found 31-bit up counter for signal <anode_count>.
    Found 1-bit register for signal <anode_en>.
    Found 24-bit up counter for signal <anode_en_counter>.
    Found 31-bit adder for signal <count_byte$add0000> created at line 144.
    Found 15-bit up counter for signal <prescale_counter>.
    Summary:
	inferred   1 ROM(s).
	inferred   3 Counter(s).
	inferred   1 D-type flip-flop(s).
	inferred   1 Adder/Subtractor(s).
Unit <test_receiver> synthesized.

INFO:Xst:1767 - HDL ADVISOR - Resource sharing has identified that some arithmetic operations in this design can share the same physical resources for reduced device utilization. For improved clock frequency you may try to disable resource sharing.

=========================================================================
HDL Synthesis Report

Macro Statistics
# ROMs                                                 : 1
 16x10-bit ROM                                         : 1
# Adders/Subtractors                                   : 3
 12-bit adder                                          : 1
 3-bit adder                                           : 1
 31-bit adder                                          : 1
# Counters                                             : 3
 15-bit up counter                                     : 1
 24-bit up counter                                     : 1
 31-bit up counter                                     : 1
# Registers                                            : 13
 1-bit register                                        : 11
 12-bit register                                       : 1
 3-bit register                                        : 1
# Latches                                              : 2
 31-bit latch                                          : 1
 7-bit latch                                           : 1
# Comparators                                          : 2
 12-bit comparator less                                : 1
 3-bit comparator less                                 : 1

=========================================================================

=========================================================================
*                       Advanced HDL Synthesis                          *
=========================================================================

Analyzing FSM <FSM_0> for best encoding.
Optimizing FSM <uartrx/r_SM_Main/FSM> on signal <r_SM_Main[1:3]> with gray encoding.
----------------------------
 State          | Encoding
----------------------------
 s_idle         | 000
 s_rx_start_bit | 001
 s_rx_data_bits | 011
 s_rx_stop_bit  | 010
 s_cleanup      | 110
----------------------------

=========================================================================
Advanced HDL Synthesis Report

Macro Statistics
# FSMs                                                 : 1
# ROMs                                                 : 1
 16x10-bit ROM                                         : 1
# Adders/Subtractors                                   : 3
 12-bit adder                                          : 1
 3-bit adder                                           : 1
 31-bit adder                                          : 1
# Counters                                             : 2
 15-bit up counter                                     : 1
 31-bit up counter                                     : 1
# Registers                                            : 26
 Flip-Flops                                            : 26
# Latches                                              : 2
 31-bit latch                                          : 1
 7-bit latch                                           : 1
# Comparators                                          : 2
 12-bit comparator less                                : 1
 3-bit comparator less                                 : 1

=========================================================================

=========================================================================
*                         Low Level Synthesis                           *
=========================================================================
WARNING:Xst:2677 - Node <count_byte_0> of sequential type is unconnected in block <test_receiver>.
WARNING:Xst:2677 - Node <count_byte_1> of sequential type is unconnected in block <test_receiver>.
WARNING:Xst:2677 - Node <count_byte_2> of sequential type is unconnected in block <test_receiver>.
WARNING:Xst:2677 - Node <count_byte_3> of sequential type is unconnected in block <test_receiver>.
WARNING:Xst:2677 - Node <count_byte_4> of sequential type is unconnected in block <test_receiver>.
WARNING:Xst:2677 - Node <count_byte_5> of sequential type is unconnected in block <test_receiver>.
WARNING:Xst:2677 - Node <count_byte_6> of sequential type is unconnected in block <test_receiver>.
WARNING:Xst:2677 - Node <count_byte_7> of sequential type is unconnected in block <test_receiver>.
WARNING:Xst:2677 - Node <count_byte_8> of sequential type is unconnected in block <test_receiver>.
WARNING:Xst:2677 - Node <count_byte_9> of sequential type is unconnected in block <test_receiver>.
WARNING:Xst:2677 - Node <count_byte_10> of sequential type is unconnected in block <test_receiver>.
WARNING:Xst:2677 - Node <count_byte_11> of sequential type is unconnected in block <test_receiver>.
WARNING:Xst:2677 - Node <count_byte_12> of sequential type is unconnected in block <test_receiver>.
WARNING:Xst:2677 - Node <count_byte_13> of sequential type is unconnected in block <test_receiver>.
WARNING:Xst:2677 - Node <count_byte_14> of sequential type is unconnected in block <test_receiver>.
WARNING:Xst:2677 - Node <count_byte_15> of sequential type is unconnected in block <test_receiver>.
WARNING:Xst:2677 - Node <count_byte_16> of sequential type is unconnected in block <test_receiver>.
WARNING:Xst:2677 - Node <count_byte_17> of sequential type is unconnected in block <test_receiver>.
WARNING:Xst:2677 - Node <count_byte_18> of sequential type is unconnected in block <test_receiver>.
WARNING:Xst:2677 - Node <count_byte_19> of sequential type is unconnected in block <test_receiver>.
WARNING:Xst:2677 - Node <count_byte_20> of sequential type is unconnected in block <test_receiver>.
WARNING:Xst:2677 - Node <count_byte_21> of sequential type is unconnected in block <test_receiver>.
WARNING:Xst:2677 - Node <count_byte_22> of sequential type is unconnected in block <test_receiver>.
WARNING:Xst:2677 - Node <count_byte_23> of sequential type is unconnected in block <test_receiver>.
WARNING:Xst:2677 - Node <count_byte_24> of sequential type is unconnected in block <test_receiver>.
WARNING:Xst:2677 - Node <count_byte_25> of sequential type is unconnected in block <test_receiver>.
WARNING:Xst:2677 - Node <count_byte_26> of sequential type is unconnected in block <test_receiver>.
WARNING:Xst:2677 - Node <count_byte_27> of sequential type is unconnected in block <test_receiver>.
WARNING:Xst:2677 - Node <count_byte_28> of sequential type is unconnected in block <test_receiver>.
WARNING:Xst:2677 - Node <count_byte_29> of sequential type is unconnected in block <test_receiver>.
WARNING:Xst:2677 - Node <count_byte_30> of sequential type is unconnected in block <test_receiver>.

Optimizing unit <test_receiver> ...

Optimizing unit <UART_RX> ...
WARNING:Xst:2677 - Node <uartrx/r_RX_Byte_6> of sequential type is unconnected in block <test_receiver>.
WARNING:Xst:2677 - Node <uartrx/r_RX_Byte_5> of sequential type is unconnected in block <test_receiver>.
WARNING:Xst:2677 - Node <uartrx/r_RX_Byte_7> of sequential type is unconnected in block <test_receiver>.
WARNING:Xst:2677 - Node <uartrx/r_RX_Byte_4> of sequential type is unconnected in block <test_receiver>.

Mapping all equations...
Building and optimizing final netlist ...
Found area constraint ratio of 100 (+ 5) on block test_receiver, actual ratio is 1.

Final Macro Processing ...

Processing Unit <test_receiver> :
	Found 2-bit shift register for signal <uartrx/r_RX_Data>.
Unit <test_receiver> processed.

=========================================================================
Final Register Report

Macro Statistics
# Registers                                            : 69
 Flip-Flops                                            : 69
# Shift Registers                                      : 1
 2-bit shift register                                  : 1

=========================================================================

=========================================================================
*                           Partition Report                            *
=========================================================================

Partition Implementation Status
-------------------------------

  No Partitions were found in this design.

-------------------------------

=========================================================================
*                            Final Report                               *
=========================================================================
Final Results
RTL Top Level Output File Name     : test_receiver.ngr
Top Level Output File Name         : test_receiver
Output Format                      : NGC
Optimization Goal                  : Speed
Keep Hierarchy                     : No

Design Statistics
# IOs                              : 13

Cell Usage :
# BELS                             : 263
#      GND                         : 1
#      INV                         : 3
#      LUT1                        : 55
#      LUT2                        : 4
#      LUT2_D                      : 1
#      LUT2_L                      : 3
#      LUT3                        : 7
#      LUT3_D                      : 2
#      LUT4                        : 55
#      LUT4_D                      : 7
#      LUT4_L                      : 1
#      MUXCY                       : 62
#      MUXF5                       : 3
#      VCC                         : 1
#      XORCY                       : 58
# FlipFlops/Latches                : 77
#      FD                          : 18
#      FDE                         : 4
#      FDR                         : 15
#      FDRE                        : 31
#      FDS                         : 2
#      LD                          : 7
# Shift Registers                  : 1
#      SRL16                       : 1
# Clock Buffers                    : 1
#      BUFGP                       : 1
# IO Buffers                       : 12
#      IBUF                        : 1
#      OBUF                        : 11
=========================================================================

Device utilization summary:
---------------------------

Selected Device : 3s500evq100-4 

 Number of Slices:                       75  out of   4656     1%  
 Number of Slice Flip Flops:             70  out of   9312     0%  
 Number of 4 input LUTs:                139  out of   9312     1%  
    Number used as logic:               138
    Number used as Shift registers:       1
 Number of IOs:                          13
 Number of bonded IOBs:                  13  out of     66    19%  
    IOB Flip Flops:                       7
 Number of GCLKs:                         1  out of     24     4%  

---------------------------
Partition Resource Summary:
---------------------------

  No Partitions were found in this design.

---------------------------


=========================================================================
TIMING REPORT

NOTE: THESE TIMING NUMBERS ARE ONLY A SYNTHESIS ESTIMATE.
      FOR ACCURATE TIMING INFORMATION PLEASE REFER TO THE TRACE REPORT
      GENERATED AFTER PLACE-and-ROUTE.

Clock Information:
------------------
-----------------------------------+------------------------+-------+
Clock Signal                       | Clock buffer(FF name)  | Load  |
-----------------------------------+------------------------+-------+
uartrx/r_RX_DV                     | NONE(Seg7_0)           | 7     |
clk                                | BUFGP                  | 71    |
-----------------------------------+------------------------+-------+
INFO:Xst:2169 - HDL ADVISOR - Some clock signals were not automatically buffered by XST with BUFG/BUFR resources. Please use the buffer_type constraint in order to insert these buffers to the clock signals to help prevent skew problems.

Asynchronous Control Signals Information:
----------------------------------------
No asynchronous control signals found in this design

Timing Summary:
---------------
Speed Grade: -4

   Minimum period: 6.680ns (Maximum Frequency: 149.703MHz)
   Minimum input arrival time before clock: 2.059ns
   Maximum output required time after clock: 8.243ns
   Maximum combinational path delay: No path found

Timing Detail:
--------------
All values displayed in nanoseconds (ns)

=========================================================================
Timing constraint: Default period analysis for Clock 'clk'
  Clock period: 6.680ns (frequency: 149.703MHz)
  Total number of paths / destination ports: 3612 / 153
-------------------------------------------------------------------------
Delay:               6.680ns (Levels of Logic = 9)
  Source:            anode_count_22 (FF)
  Destination:       anode_count_0 (FF)
  Source Clock:      clk rising
  Destination Clock: clk rising

  Data Path: anode_count_22 to anode_count_0
                                Gate     Net
    Cell:in->out      fanout   Delay   Delay  Logical Name (Net Name)
    ----------------------------------------  ------------
     FDRE:C->Q             2   0.591   0.622  anode_count_22 (anode_count_22)
     LUT4:I0->O            1   0.704   0.000  anode_count_and00001_wg_lut<0> (anode_count_and00001_wg_lut<0>)
     MUXCY:S->O            1   0.464   0.000  anode_count_and00001_wg_cy<0> (anode_count_and00001_wg_cy<0>)
     MUXCY:CI->O           1   0.059   0.000  anode_count_and00001_wg_cy<1> (anode_count_and00001_wg_cy<1>)
     MUXCY:CI->O           1   0.059   0.000  anode_count_and00001_wg_cy<2> (anode_count_and00001_wg_cy<2>)
     MUXCY:CI->O           1   0.059   0.000  anode_count_and00001_wg_cy<3> (anode_count_and00001_wg_cy<3>)
     MUXCY:CI->O           1   0.059   0.000  anode_count_and00001_wg_cy<4> (anode_count_and00001_wg_cy<4>)
     MUXCY:CI->O           1   0.059   0.000  anode_count_and00001_wg_cy<5> (anode_count_and00001_wg_cy<5>)
     MUXCY:CI->O           5   0.459   0.668  anode_count_and00001_wg_cy<6> (N11)
     LUT4:I2->O           31   0.704   1.262  anode_count_and0000 (anode_count_and0000)
     FDRE:R                    0.911          anode_count_0
    ----------------------------------------
    Total                      6.680ns (4.128ns logic, 2.552ns route)
                                       (61.8% logic, 38.2% route)

=========================================================================
Timing constraint: Default OFFSET IN BEFORE for Clock 'clk'
  Total number of paths / destination ports: 1 / 1
-------------------------------------------------------------------------
Offset:              2.059ns (Levels of Logic = 1)
  Source:            RX (PAD)
  Destination:       uartrx/Mshreg_r_RX_Data (FF)
  Destination Clock: clk rising

  Data Path: RX to uartrx/Mshreg_r_RX_Data
                                Gate     Net
    Cell:in->out      fanout   Delay   Delay  Logical Name (Net Name)
    ----------------------------------------  ------------
     IBUF:I->O             1   1.218   0.420  RX_IBUF (RX_IBUF)
     SRL16:D                   0.421          uartrx/Mshreg_r_RX_Data
    ----------------------------------------
    Total                      2.059ns (1.639ns logic, 0.420ns route)
                                       (79.6% logic, 20.4% route)

=========================================================================
Timing constraint: Default OFFSET OUT AFTER for Clock 'clk'
  Total number of paths / destination ports: 124 / 4
-------------------------------------------------------------------------
Offset:              8.243ns (Levels of Logic = 10)
  Source:            anode_count_22 (FF)
  Destination:       Seg_AN<3> (PAD)
  Source Clock:      clk rising

  Data Path: anode_count_22 to Seg_AN<3>
                                Gate     Net
    Cell:in->out      fanout   Delay   Delay  Logical Name (Net Name)
    ----------------------------------------  ------------
     FDRE:C->Q             2   0.591   0.622  anode_count_22 (anode_count_22)
     LUT4:I0->O            1   0.704   0.000  anode_count_and00001_wg_lut<0> (anode_count_and00001_wg_lut<0>)
     MUXCY:S->O            1   0.464   0.000  anode_count_and00001_wg_cy<0> (anode_count_and00001_wg_cy<0>)
     MUXCY:CI->O           1   0.059   0.000  anode_count_and00001_wg_cy<1> (anode_count_and00001_wg_cy<1>)
     MUXCY:CI->O           1   0.059   0.000  anode_count_and00001_wg_cy<2> (anode_count_and00001_wg_cy<2>)
     MUXCY:CI->O           1   0.059   0.000  anode_count_and00001_wg_cy<3> (anode_count_and00001_wg_cy<3>)
     MUXCY:CI->O           1   0.059   0.000  anode_count_and00001_wg_cy<4> (anode_count_and00001_wg_cy<4>)
     MUXCY:CI->O           1   0.059   0.000  anode_count_and00001_wg_cy<5> (anode_count_and00001_wg_cy<5>)
     MUXCY:CI->O           5   0.459   0.712  anode_count_and00001_wg_cy<6> (N11)
     LUT4:I1->O            1   0.704   0.420  anode<3>1 (Seg_AN_3_OBUF)
     OBUF:I->O                 3.272          Seg_AN_3_OBUF (Seg_AN<3>)
    ----------------------------------------
    Total                      8.243ns (6.489ns logic, 1.754ns route)
                                       (78.7% logic, 21.3% route)

=========================================================================
Timing constraint: Default OFFSET OUT AFTER for Clock 'uartrx/r_RX_DV'
  Total number of paths / destination ports: 7 / 7
-------------------------------------------------------------------------
Offset:              4.368ns (Levels of Logic = 1)
  Source:            Seg7_6 (LATCH)
  Destination:       Seg7<6> (PAD)
  Source Clock:      uartrx/r_RX_DV falling

  Data Path: Seg7_6 to Seg7<6>
                                Gate     Net
    Cell:in->out      fanout   Delay   Delay  Logical Name (Net Name)
    ----------------------------------------  ------------
     LD:G->Q               1   0.676   0.420  Seg7_6 (Seg7_6)
     OBUF:I->O                 3.272          Seg7_6_OBUF (Seg7<6>)
    ----------------------------------------
    Total                      4.368ns (3.948ns logic, 0.420ns route)
                                       (90.4% logic, 9.6% route)

=========================================================================


Total REAL time to Xst completion: 5.00 secs
Total CPU time to Xst completion: 4.78 secs
 
--> 


Total memory usage is 519432 kilobytes

Number of errors   :    0 (   0 filtered)
Number of warnings :   39 (   0 filtered)
Number of infos    :    2 (   0 filtered)

