V3 4
FL /home/roby-jacob/hardware-projects/test/test.vhd 2018/10/19.17:28:24 P.20131013
EN work/test 1539950318 FL /home/roby-jacob/hardware-projects/test/test.vhd \
      PB ieee/std_logic_1164 1381692176 PB ieee/NUMERIC_STD 1381692181
AR work/test/Behavioral 1539950319 \
      FL /home/roby-jacob/hardware-projects/test/test.vhd EN work/test 1539950318
FL /home/roby/hardware-projects/test/test.vhd 2018/10/14.23:50:50 P.20131013
