AR uart_rx behavioral /home/roby-jacob/hardware-projects/serial-communication/UART_RX.vhd sub00/vhpl03 1541076026
AR uart_parity behavioral /home/roby-jacob/hardware-projects/full_adder/serial-communication/UART_PARITY.vhd sub00/vhpl01 1541051776
EN uart_parity NULL /home/roby-jacob/hardware-projects/full_adder/serial-communication/UART_PARITY.vhd sub00/vhpl00 1541051775
EN uart_rx NULL /home/roby-jacob/hardware-projects/serial-communication/UART_RX.vhd sub00/vhpl02 1541076025
