AR uart_rx behavioral /home/roby/hardware-projects/serial-communication/UART_RX.vhd sub00/vhpl04 1541708200
AR piso behavioral /home/roby/hardware-projects/shift_register/piso.vhd sub00/vhpl10 1541698265
AR uart_parity behavioral /home/roby-jacob/hardware-projects/serial-communication/UART_PARITY.vhd sub00/vhpl02 1541075655
EN memory NULL /home/roby/hardware-projects/data_communication/ipcore_dir/memory.vhd sub00/vhpl07 1541708201
AR test_receiver behavioral /home/roby/hardware-projects/data_communication/test_receiver.vhd sub00/vhpl06 1541708204
AR memory memory_a /home/roby/hardware-projects/data_communication/ipcore_dir/memory.vhd sub00/vhpl08 1541708202
EN test_receiver NULL /home/roby/hardware-projects/data_communication/test_receiver.vhd sub00/vhpl05 1541708203
AR uart_parity full /home/roby-jacob/hardware-projects/data_communication/test_comm.vhd sub00/vhpl01 1541049979
EN piso NULL /home/roby/hardware-projects/shift_register/piso.vhd sub00/vhpl09 1541698264
EN uart_parity NULL /home/roby-jacob/hardware-projects/serial-communication/UART_PARITY.vhd sub00/vhpl00 1541075654
EN uart_rx NULL /home/roby/hardware-projects/serial-communication/UART_RX.vhd sub00/vhpl03 1541708199
