AR uart_rx behavioral /home/roby-jacob/hardware-projects/serial-communication/UART_RX.vhd sub00/vhpl04 1541247494
AR uart_parity behavioral /home/roby-jacob/hardware-projects/serial-communication/UART_PARITY.vhd sub00/vhpl02 1541075655
AR test_receiver behavioral /home/roby-jacob/hardware-projects/data_communication/test_receiver.vhd sub00/vhpl06 1541247496
EN test_receiver NULL /home/roby-jacob/hardware-projects/data_communication/test_receiver.vhd sub00/vhpl05 1541247495
AR uart_parity full /home/roby-jacob/hardware-projects/data_communication/test_comm.vhd sub00/vhpl01 1541049979
EN uart_parity NULL /home/roby-jacob/hardware-projects/serial-communication/UART_PARITY.vhd sub00/vhpl00 1541075654
EN uart_rx NULL /home/roby-jacob/hardware-projects/serial-communication/UART_RX.vhd sub00/vhpl03 1541247493
