EN memory NULL /home/roby-jacob/hardware-projects/full_adder/ipcore_dir/memory.vhd sub00/vhpl02 1540645658
AR memory memory_a /home/roby-jacob/hardware-projects/full_adder/ipcore_dir/memory.vhd sub00/vhpl03 1540645659
EN full_adder NULL /home/roby-jacob/hardware-projects/full_adder/full_adder.vhd sub00/vhpl00 1540645660
AR full_adder behavioral /home/roby-jacob/hardware-projects/full_adder/full_adder.vhd sub00/vhpl01 1540645661
