V3 8
FL /home/roby-jacob/hardware-projects/full_adder/full_adder.vhd 2018/10/27.18:37:24 P.20131013
EN work/full_adder 1540645660 \
      FL /home/roby-jacob/hardware-projects/full_adder/full_adder.vhd \
      PB ieee/std_logic_1164 1381692176 PB ieee/NUMERIC_STD 1381692181 LB UNISIM \
      PH unisim/VCOMPONENTS 1381692182
AR work/full_adder/Behavioral 1540645661 \
      FL /home/roby-jacob/hardware-projects/full_adder/full_adder.vhd \
      EN work/full_adder 1540645660 CP memory
FL /home/roby-jacob/hardware-projects/full_adder/ipcore_dir/memory.vhd 2018/10/27.17:32:11 P.20131013
EN work/memory 1540645658 \
      FL /home/roby-jacob/hardware-projects/full_adder/ipcore_dir/memory.vhd \
      PB ieee/std_logic_1164 1381692176
AR work/memory/memory_a 1540645659 \
      FL /home/roby-jacob/hardware-projects/full_adder/ipcore_dir/memory.vhd \
      EN work/memory 1540645658
