V3 5
FL /home/roby-jacob/hardware-projects/Switch_LED/switch_LED.vhd 2018/10/18.15:48:07 P.20131013
EN work/switch_LED 1539857894 \
      FL /home/roby-jacob/hardware-projects/Switch_LED/switch_LED.vhd \
      PB ieee/std_logic_1164 1381692176 PB ieee/NUMERIC_STD 1381692181
AR work/switch_LED/Behavioral 1539857895 \
      FL /home/roby-jacob/hardware-projects/Switch_LED/switch_LED.vhd \
      EN work/switch_LED 1539857894
FL /home/roby/Downloads/Papilio-Loader-master/Switch_LED/switch_LED.vhd 2018/10/01.18:56:46 P.20131013
FL /home/roby/hardware-projects/Switch_LED/switch_LED.vhd 2018/10/14.15:26:48 P.20131013
