Release 14.7 - xst P.20131013 (lin64)
Copyright (c) 1995-2013 Xilinx, Inc.  All rights reserved.
--> 
Parameter TMPDIR set to xst/projnav.tmp


Total REAL time to Xst completion: 0.00 secs
Total CPU time to Xst completion: 0.05 secs
 
--> 
Parameter xsthdpdir set to xst


Total REAL time to Xst completion: 0.00 secs
Total CPU time to Xst completion: 0.05 secs
 
--> 
Reading design: full_adder.prj

TABLE OF CONTENTS
  1) Synthesis Options Summary
  2) HDL Compilation
  3) Design Hierarchy Analysis
  4) HDL Analysis
  5) HDL Synthesis
     5.1) HDL Synthesis Report
  6) Advanced HDL Synthesis
     6.1) Advanced HDL Synthesis Report
  7) Low Level Synthesis
  8) Partition Report
  9) Final Report
	9.1) Device utilization summary
	9.2) Partition Resource Summary
	9.3) TIMING REPORT


=========================================================================
*                      Synthesis Options Summary                        *
=========================================================================
---- Source Parameters
Input File Name                    : "full_adder.prj"
Input Format                       : mixed
Ignore Synthesis Constraint File   : NO

---- Target Parameters
Output File Name                   : "full_adder"
Output Format                      : NGC
Target Device                      : xc3s500e-4-vq100

---- Source Options
Top Module Name                    : full_adder
Automatic FSM Extraction           : YES
FSM Encoding Algorithm             : Auto
Safe Implementation                : No
FSM Style                          : LUT
RAM Extraction                     : Yes
RAM Style                          : Auto
ROM Extraction                     : Yes
Mux Style                          : Auto
Decoder Extraction                 : YES
Priority Encoder Extraction        : Yes
Shift Register Extraction          : YES
Logical Shifter Extraction         : YES
XOR Collapsing                     : YES
ROM Style                          : Auto
Mux Extraction                     : Yes
Resource Sharing                   : YES
Asynchronous To Synchronous        : NO
Multiplier Style                   : Auto
Automatic Register Balancing       : No

---- Target Options
Add IO Buffers                     : YES
Global Maximum Fanout              : 100000
Add Generic Clock Buffer(BUFG)     : 24
Register Duplication               : YES
Slice Packing                      : YES
Optimize Instantiated Primitives   : NO
Use Clock Enable                   : Yes
Use Synchronous Set                : Yes
Use Synchronous Reset              : Yes
Pack IO Registers into IOBs        : Auto
Equivalent register Removal        : YES

---- General Options
Optimization Goal                  : Speed
Optimization Effort                : 1
Keep Hierarchy                     : No
Netlist Hierarchy                  : As_Optimized
RTL Output                         : Yes
Global Optimization                : AllClockNets
Read Cores                         : YES
Write Timing Constraints           : NO
Cross Clock Analysis               : NO
Hierarchy Separator                : /
Bus Delimiter                      : <>
Case Specifier                     : Maintain
Slice Utilization Ratio            : 100
BRAM Utilization Ratio             : 100
Verilog 2001                       : YES
Auto BRAM Packing                  : NO
Slice Utilization Ratio Delta      : 5

=========================================================================


=========================================================================
*                          HDL Compilation                              *
=========================================================================
Compiling vhdl file "/home/roby-jacob/hardware-projects/full_adder/full_adder.vhd" in Library work.
Entity <full_adder> compiled.
Entity <full_adder> (Architecture <behavioral>) compiled.

=========================================================================
*                     Design Hierarchy Analysis                         *
=========================================================================
Analyzing hierarchy for entity <full_adder> in library <work> (architecture <behavioral>).


=========================================================================
*                            HDL Analysis                               *
=========================================================================
Analyzing Entity <full_adder> in library <work> (Architecture <behavioral>).
WARNING:Xst:819 - "/home/roby-jacob/hardware-projects/full_adder/full_adder.vhd" line 99: One or more signals are missing in the process sensitivity list. To enable synthesis of FPGA/CPLD hardware, XST will assume that all necessary signals are present in the sensitivity list. Please note that the result of the synthesis may differ from the initial design specification. The missing signals are:
   <SWITCH>, <carry>, <sum>
Entity <full_adder> analyzed. Unit <full_adder> generated.


=========================================================================
*                           HDL Synthesis                               *
=========================================================================

Performing bidirectional port resolution...

Synthesizing Unit <full_adder>.
    Related source file is "/home/roby-jacob/hardware-projects/full_adder/full_adder.vhd".
WARNING:Xst:1780 - Signal <switch_enable> is never used or assigned. This unconnected signal will be trimmed during the optimization process.
    Found 4x4-bit ROM for signal <anode>.
    Found 1-bit xor2 for signal <carry$xor0000> created at line 59.
    Found 2-bit up counter for signal <digit_sel>.
    Found 16-bit up counter for signal <prescaler_counter>.
    Found 1-bit xor2 for signal <sum>.
    Summary:
	inferred   1 ROM(s).
	inferred   2 Counter(s).
Unit <full_adder> synthesized.


=========================================================================
HDL Synthesis Report

Macro Statistics
# ROMs                                                 : 1
 4x4-bit ROM                                           : 1
# Counters                                             : 2
 16-bit up counter                                     : 1
 2-bit up counter                                      : 1
# Xors                                                 : 2
 1-bit xor2                                            : 2

=========================================================================

=========================================================================
*                       Advanced HDL Synthesis                          *
=========================================================================


=========================================================================
Advanced HDL Synthesis Report

Macro Statistics
# ROMs                                                 : 1
 4x4-bit ROM                                           : 1
# Counters                                             : 2
 16-bit up counter                                     : 1
 2-bit up counter                                      : 1
# Xors                                                 : 2
 1-bit xor2                                            : 2

=========================================================================

=========================================================================
*                         Low Level Synthesis                           *
=========================================================================

Optimizing unit <full_adder> ...

Mapping all equations...
Building and optimizing final netlist ...
Found area constraint ratio of 100 (+ 5) on block full_adder, actual ratio is 0.

Final Macro Processing ...

=========================================================================
Final Register Report

Macro Statistics
# Registers                                            : 18
 Flip-Flops                                            : 18

=========================================================================

=========================================================================
*                           Partition Report                            *
=========================================================================

Partition Implementation Status
-------------------------------

  No Partitions were found in this design.

-------------------------------

=========================================================================
*                            Final Report                               *
=========================================================================
Final Results
RTL Top Level Output File Name     : full_adder.ngr
Top Level Output File Name         : full_adder
Output Format                      : NGC
Optimization Goal                  : Speed
Keep Hierarchy                     : No

Design Statistics
# IOs                              : 19

Cell Usage :
# BELS                             : 63
#      GND                         : 1
#      INV                         : 2
#      LUT1                        : 15
#      LUT2                        : 4
#      LUT3                        : 1
#      LUT4                        : 7
#      LUT4_L                      : 1
#      MUXCY                       : 15
#      VCC                         : 1
#      XORCY                       : 16
# FlipFlops/Latches                : 18
#      FDR                         : 16
#      FDRE                        : 2
# Clock Buffers                    : 1
#      BUFGP                       : 1
# IO Buffers                       : 18
#      IBUF                        : 4
#      OBUF                        : 14
=========================================================================

Device utilization summary:
---------------------------

Selected Device : 3s500evq100-4 

 Number of Slices:                       15  out of   4656     0%  
 Number of Slice Flip Flops:             18  out of   9312     0%  
 Number of 4 input LUTs:                 30  out of   9312     0%  
 Number of IOs:                          19
 Number of bonded IOBs:                  19  out of     66    28%  
 Number of GCLKs:                         1  out of     24     4%  

---------------------------
Partition Resource Summary:
---------------------------

  No Partitions were found in this design.

---------------------------


=========================================================================
TIMING REPORT

NOTE: THESE TIMING NUMBERS ARE ONLY A SYNTHESIS ESTIMATE.
      FOR ACCURATE TIMING INFORMATION PLEASE REFER TO THE TRACE REPORT
      GENERATED AFTER PLACE-and-ROUTE.

Clock Information:
------------------
-----------------------------------+------------------------+-------+
Clock Signal                       | Clock buffer(FF name)  | Load  |
-----------------------------------+------------------------+-------+
CLK                                | BUFGP                  | 18    |
-----------------------------------+------------------------+-------+

Asynchronous Control Signals Information:
----------------------------------------
No asynchronous control signals found in this design

Timing Summary:
---------------
Speed Grade: -4

   Minimum period: 6.302ns (Maximum Frequency: 158.680MHz)
   Minimum input arrival time before clock: No path found
   Maximum output required time after clock: 5.998ns
   Maximum combinational path delay: 7.690ns

Timing Detail:
--------------
All values displayed in nanoseconds (ns)

=========================================================================
Timing constraint: Default period analysis for Clock 'CLK'
  Clock period: 6.302ns (frequency: 158.680MHz)
  Total number of paths / destination ports: 463 / 38
-------------------------------------------------------------------------
Delay:               6.302ns (Levels of Logic = 3)
  Source:            prescaler_counter_3 (FF)
  Destination:       digit_sel_0 (FF)
  Source Clock:      CLK rising
  Destination Clock: CLK rising

  Data Path: prescaler_counter_3 to digit_sel_0
                                Gate     Net
    Cell:in->out      fanout   Delay   Delay  Logical Name (Net Name)
    ----------------------------------------  ------------
     FDR:C->Q              2   0.591   0.622  prescaler_counter_3 (prescaler_counter_3)
     LUT4:I0->O            1   0.704   0.499  prescaler_counter_cmp_eq000019 (prescaler_counter_cmp_eq000019)
     LUT4:I1->O           19   0.704   1.120  prescaler_counter_cmp_eq000067 (prescaler_counter_cmp_eq0000)
     LUT3:I2->O            2   0.704   0.447  digit_sel_and00001 (digit_sel_and0000)
     FDRE:R                    0.911          digit_sel_0
    ----------------------------------------
    Total                      6.302ns (3.614ns logic, 2.688ns route)
                                       (57.3% logic, 42.7% route)

=========================================================================
Timing constraint: Default OFFSET OUT AFTER for Clock 'CLK'
  Total number of paths / destination ports: 16 / 8
-------------------------------------------------------------------------
Offset:              5.998ns (Levels of Logic = 2)
  Source:            digit_sel_1 (FF)
  Destination:       Seg7<5> (PAD)
  Source Clock:      CLK rising

  Data Path: digit_sel_1 to Seg7<5>
                                Gate     Net
    Cell:in->out      fanout   Delay   Delay  Logical Name (Net Name)
    ----------------------------------------  ------------
     FDRE:C->Q             6   0.591   0.844  digit_sel_1 (digit_sel_1)
     LUT4:I0->O            4   0.704   0.587  Seg7<3>1 (Seg7_3_OBUF)
     OBUF:I->O                 3.272          Seg7_5_OBUF (Seg7<5>)
    ----------------------------------------
    Total                      5.998ns (4.567ns logic, 1.431ns route)
                                       (76.1% logic, 23.9% route)

=========================================================================
Timing constraint: Default path analysis
  Total number of paths / destination ports: 35 / 7
-------------------------------------------------------------------------
Delay:               7.690ns (Levels of Logic = 4)
  Source:            SWITCH<2> (PAD)
  Destination:       Seg7<5> (PAD)

  Data Path: SWITCH<2> to Seg7<5>
                                Gate     Net
    Cell:in->out      fanout   Delay   Delay  Logical Name (Net Name)
    ----------------------------------------  ------------
     IBUF:I->O             3   1.218   0.706  SWITCH_2_IBUF (LED_2_OBUF)
     LUT4:I0->O            1   0.704   0.499  Seg7<3>1_SW1 (N1)
     LUT4:I1->O            4   0.704   0.587  Seg7<3>1 (Seg7_3_OBUF)
     OBUF:I->O                 3.272          Seg7_5_OBUF (Seg7<5>)
    ----------------------------------------
    Total                      7.690ns (5.898ns logic, 1.792ns route)
                                       (76.7% logic, 23.3% route)

=========================================================================


Total REAL time to Xst completion: 4.00 secs
Total CPU time to Xst completion: 4.51 secs
 
--> 


Total memory usage is 502252 kilobytes

Number of errors   :    0 (   0 filtered)
Number of warnings :    2 (   0 filtered)
Number of infos    :    0 (   0 filtered)

