Release 14.7 - xst P.20131013 (lin64)
Copyright (c) 1995-2013 Xilinx, Inc.  All rights reserved.
--> 
Parameter TMPDIR set to xst/projnav.tmp


Total REAL time to Xst completion: 0.00 secs
Total CPU time to Xst completion: 0.05 secs
 
--> 
Parameter xsthdpdir set to xst


Total REAL time to Xst completion: 0.00 secs
Total CPU time to Xst completion: 0.05 secs
 
--> 
Reading design: full_adder.prj

TABLE OF CONTENTS
  1) Synthesis Options Summary
  2) HDL Compilation
  3) Design Hierarchy Analysis
  4) HDL Analysis
  5) HDL Synthesis
     5.1) HDL Synthesis Report
  6) Advanced HDL Synthesis
     6.1) Advanced HDL Synthesis Report
  7) Low Level Synthesis
  8) Partition Report
  9) Final Report
	9.1) Device utilization summary
	9.2) Partition Resource Summary
	9.3) TIMING REPORT


=========================================================================
*                      Synthesis Options Summary                        *
=========================================================================
---- Source Parameters
Input File Name                    : "full_adder.prj"
Input Format                       : mixed
Ignore Synthesis Constraint File   : NO

---- Target Parameters
Output File Name                   : "full_adder"
Output Format                      : NGC
Target Device                      : xc3s500e-4-vq100

---- Source Options
Top Module Name                    : full_adder
Automatic FSM Extraction           : YES
FSM Encoding Algorithm             : Auto
Safe Implementation                : No
FSM Style                          : LUT
RAM Extraction                     : Yes
RAM Style                          : Auto
ROM Extraction                     : Yes
Mux Style                          : Auto
Decoder Extraction                 : YES
Priority Encoder Extraction        : Yes
Shift Register Extraction          : YES
Logical Shifter Extraction         : YES
XOR Collapsing                     : YES
ROM Style                          : Auto
Mux Extraction                     : Yes
Resource Sharing                   : YES
Asynchronous To Synchronous        : NO
Multiplier Style                   : Auto
Automatic Register Balancing       : No

---- Target Options
Add IO Buffers                     : YES
Global Maximum Fanout              : 100000
Add Generic Clock Buffer(BUFG)     : 24
Register Duplication               : YES
Slice Packing                      : YES
Optimize Instantiated Primitives   : NO
Use Clock Enable                   : Yes
Use Synchronous Set                : Yes
Use Synchronous Reset              : Yes
Pack IO Registers into IOBs        : Auto
Equivalent register Removal        : YES

---- General Options
Optimization Goal                  : Speed
Optimization Effort                : 1
Keep Hierarchy                     : No
Netlist Hierarchy                  : As_Optimized
RTL Output                         : Yes
Global Optimization                : AllClockNets
Read Cores                         : YES
Write Timing Constraints           : NO
Cross Clock Analysis               : NO
Hierarchy Separator                : /
Bus Delimiter                      : <>
Case Specifier                     : Maintain
Slice Utilization Ratio            : 100
BRAM Utilization Ratio             : 100
Verilog 2001                       : YES
Auto BRAM Packing                  : NO
Slice Utilization Ratio Delta      : 5

---- Other Options
Cores Search Directories           : {"ipcore_dir"  }

=========================================================================


=========================================================================
*                          HDL Compilation                              *
=========================================================================
Compiling vhdl file "/home/roby-jacob/hardware-projects/full_adder/ipcore_dir/memory.vhd" in Library work.
Architecture memory_a of Entity memory is up to date.
Compiling vhdl file "/home/roby-jacob/hardware-projects/full_adder/full_adder.vhd" in Library work.
Entity <full_adder> compiled.
Entity <full_adder> (Architecture <behavioral>) compiled.

=========================================================================
*                     Design Hierarchy Analysis                         *
=========================================================================
Analyzing hierarchy for entity <full_adder> in library <work> (architecture <behavioral>).


=========================================================================
*                            HDL Analysis                               *
=========================================================================
Analyzing Entity <full_adder> in library <work> (Architecture <behavioral>).
WARNING:Xst:2211 - "/home/roby-jacob/hardware-projects/full_adder/full_adder.vhd" line 71: Instantiating black box module <memory>.
WARNING:Xst:819 - "/home/roby-jacob/hardware-projects/full_adder/full_adder.vhd" line 122: One or more signals are missing in the process sensitivity list. To enable synthesis of FPGA/CPLD hardware, XST will assume that all necessary signals are present in the sensitivity list. Please note that the result of the synthesis may differ from the initial design specification. The missing signals are:
   <carry>, <sum>
Entity <full_adder> analyzed. Unit <full_adder> generated.


=========================================================================
*                           HDL Synthesis                               *
=========================================================================

Performing bidirectional port resolution...

Synthesizing Unit <full_adder>.
    Related source file is "/home/roby-jacob/hardware-projects/full_adder/full_adder.vhd".
WARNING:Xst:1306 - Output <LED> is never assigned.
WARNING:Xst:1780 - Signal <wea> is never used or assigned. This unconnected signal will be trimmed during the optimization process.
    Found 4x4-bit ROM for signal <anode>.
    Found 3-bit up counter for signal <addr>.
    Found 25-bit up counter for signal <addr_counter>.
    Found 1-bit xor2 for signal <carry$xor0000> created at line 197.
    Found 3-bit up counter for signal <data_in>.
    Found 2-bit up counter for signal <digit_sel>.
    Found 16-bit up counter for signal <prescaler_counter>.
    Found 1-bit xor2 for signal <sum>.
    Found 1-bit register for signal <we_toggle>.
    Summary:
	inferred   1 ROM(s).
	inferred   5 Counter(s).
	inferred   1 D-type flip-flop(s).
Unit <full_adder> synthesized.


=========================================================================
HDL Synthesis Report

Macro Statistics
# ROMs                                                 : 1
 4x4-bit ROM                                           : 1
# Counters                                             : 5
 16-bit up counter                                     : 1
 2-bit up counter                                      : 1
 25-bit up counter                                     : 1
 3-bit up counter                                      : 2
# Registers                                            : 1
 1-bit register                                        : 1
# Xors                                                 : 2
 1-bit xor2                                            : 2

=========================================================================

=========================================================================
*                       Advanced HDL Synthesis                          *
=========================================================================

Reading core <ipcore_dir/memory.ngc>.
Loading core <memory> for timing and area information for instance <RAM>.

=========================================================================
Advanced HDL Synthesis Report

Macro Statistics
# ROMs                                                 : 1
 4x4-bit ROM                                           : 1
# Counters                                             : 5
 16-bit up counter                                     : 1
 2-bit up counter                                      : 1
 25-bit up counter                                     : 1
 3-bit up counter                                      : 2
# Registers                                            : 1
 Flip-Flops                                            : 1
# Xors                                                 : 2
 1-bit xor2                                            : 2

=========================================================================

=========================================================================
*                         Low Level Synthesis                           *
=========================================================================

Optimizing unit <full_adder> ...

Mapping all equations...
Building and optimizing final netlist ...
Found area constraint ratio of 100 (+ 5) on block full_adder, actual ratio is 0.

Final Macro Processing ...

=========================================================================
Final Register Report

Macro Statistics
# Registers                                            : 50
 Flip-Flops                                            : 50

=========================================================================

=========================================================================
*                           Partition Report                            *
=========================================================================

Partition Implementation Status
-------------------------------

  No Partitions were found in this design.

-------------------------------

=========================================================================
*                            Final Report                               *
=========================================================================
Final Results
RTL Top Level Output File Name     : full_adder.ngr
Top Level Output File Name         : full_adder
Output Format                      : NGC
Optimization Goal                  : Speed
Keep Hierarchy                     : No

Design Statistics
# IOs                              : 15

Cell Usage :
# BELS                             : 162
#      GND                         : 2
#      INV                         : 6
#      LUT1                        : 40
#      LUT2                        : 6
#      LUT3                        : 3
#      LUT4                        : 14
#      LUT4_L                      : 1
#      MUXCY                       : 46
#      MUXF5                       : 1
#      VCC                         : 2
#      XORCY                       : 41
# FlipFlops/Latches                : 50
#      FDE                         : 4
#      FDR                         : 41
#      FDRE                        : 5
# RAMS                             : 1
#      RAMB16_S36_S36              : 1
# Clock Buffers                    : 1
#      BUFGP                       : 1
# IO Buffers                       : 11
#      OBUF                        : 11
=========================================================================

Device utilization summary:
---------------------------

Selected Device : 3s500evq100-4 

 Number of Slices:                       35  out of   4656     0%  
 Number of Slice Flip Flops:             50  out of   9312     0%  
 Number of 4 input LUTs:                 70  out of   9312     0%  
 Number of IOs:                          15
 Number of bonded IOBs:                  12  out of     66    18%  
 Number of BRAMs:                         1  out of     20     5%  
 Number of GCLKs:                         1  out of     24     4%  

---------------------------
Partition Resource Summary:
---------------------------

  No Partitions were found in this design.

---------------------------


=========================================================================
TIMING REPORT

NOTE: THESE TIMING NUMBERS ARE ONLY A SYNTHESIS ESTIMATE.
      FOR ACCURATE TIMING INFORMATION PLEASE REFER TO THE TRACE REPORT
      GENERATED AFTER PLACE-and-ROUTE.

Clock Information:
------------------
-----------------------------------+------------------------+-------+
Clock Signal                       | Clock buffer(FF name)  | Load  |
-----------------------------------+------------------------+-------+
CLK                                | BUFGP                  | 51    |
-----------------------------------+------------------------+-------+

Asynchronous Control Signals Information:
----------------------------------------
No asynchronous control signals found in this design

Timing Summary:
---------------
Speed Grade: -4

   Minimum period: 6.419ns (Maximum Frequency: 155.798MHz)
   Minimum input arrival time before clock: No path found
   Maximum output required time after clock: 8.306ns
   Maximum combinational path delay: No path found

Timing Detail:
--------------
All values displayed in nanoseconds (ns)

=========================================================================
Timing constraint: Default period analysis for Clock 'CLK'
  Clock period: 6.419ns (frequency: 155.798MHz)
  Total number of paths / destination ports: 1627 / 116
-------------------------------------------------------------------------
Delay:               6.419ns (Levels of Logic = 9)
  Source:            addr_counter_5 (FF)
  Destination:       addr_0 (FF)
  Source Clock:      CLK rising
  Destination Clock: CLK rising

  Data Path: addr_counter_5 to addr_0
                                Gate     Net
    Cell:in->out      fanout   Delay   Delay  Logical Name (Net Name)
    ----------------------------------------  ------------
     FDR:C->Q              2   0.591   0.622  addr_counter_5 (addr_counter_5)
     LUT1:I0->O            1   0.704   0.000  addr_counter_cmp_eq0000_wg_cy<0>_rt (addr_counter_cmp_eq0000_wg_cy<0>_rt)
     MUXCY:S->O            1   0.464   0.000  addr_counter_cmp_eq0000_wg_cy<0> (addr_counter_cmp_eq0000_wg_cy<0>)
     MUXCY:CI->O           1   0.059   0.000  addr_counter_cmp_eq0000_wg_cy<1> (addr_counter_cmp_eq0000_wg_cy<1>)
     MUXCY:CI->O           1   0.059   0.000  addr_counter_cmp_eq0000_wg_cy<2> (addr_counter_cmp_eq0000_wg_cy<2>)
     MUXCY:CI->O           1   0.059   0.000  addr_counter_cmp_eq0000_wg_cy<3> (addr_counter_cmp_eq0000_wg_cy<3>)
     MUXCY:CI->O           1   0.059   0.000  addr_counter_cmp_eq0000_wg_cy<4> (addr_counter_cmp_eq0000_wg_cy<4>)
     MUXCY:CI->O           1   0.059   0.000  addr_counter_cmp_eq0000_wg_cy<5> (addr_counter_cmp_eq0000_wg_cy<5>)
     MUXCY:CI->O          30   0.331   1.266  addr_counter_cmp_eq0000_wg_cy<6> (addr_counter_cmp_eq0000)
     LUT4:I3->O            3   0.704   0.531  addr_and00001 (addr_and0000)
     FDRE:R                    0.911          addr_0
    ----------------------------------------
    Total                      6.419ns (4.000ns logic, 2.419ns route)
                                       (62.3% logic, 37.7% route)

=========================================================================
Timing constraint: Default OFFSET OUT AFTER for Clock 'CLK'
  Total number of paths / destination ports: 44 / 8
-------------------------------------------------------------------------
Offset:              8.306ns (Levels of Logic = 4)
  Source:            RAM/U0/xst_blk_mem_generator/gnativebmg.native_blk_mem_gen/valid.cstr/ramloop[0].ram.r/s3_noinit.ram/spram.ram (RAM)
  Destination:       Seg7<5> (PAD)
  Source Clock:      CLK rising

  Data Path: RAM/U0/xst_blk_mem_generator/gnativebmg.native_blk_mem_gen/valid.cstr/ramloop[0].ram.r/s3_noinit.ram/spram.ram to Seg7<5>
                                Gate     Net
    Cell:in->out      fanout   Delay   Delay  Logical Name (Net Name)
    ----------------------------------------  ------------
     RAMB16_S36_S36:CLKB->DOB0    2   2.800   0.622  U0/xst_blk_mem_generator/gnativebmg.native_blk_mem_gen/valid.cstr/ramloop[0].ram.r/s3_noinit.ram/spram.ram (douta<2>)
     end scope: 'RAM'
     LUT4:I0->O            1   0.704   0.000  Seg7<3>_G (N10)
     MUXF5:I1->O           4   0.321   0.587  Seg7<3> (Seg7_3_OBUF)
     OBUF:I->O                 3.272          Seg7_5_OBUF (Seg7<5>)
    ----------------------------------------
    Total                      8.306ns (7.097ns logic, 1.209ns route)
                                       (85.4% logic, 14.6% route)

=========================================================================


Total REAL time to Xst completion: 6.00 secs
Total CPU time to Xst completion: 5.82 secs
 
--> 


Total memory usage is 521728 kilobytes

Number of errors   :    0 (   0 filtered)
Number of warnings :    4 (   0 filtered)
Number of infos    :    0 (   0 filtered)

